// Jest Snapshot v1, https://goo.gl/fbAQLP

exports[`<EmptyTransactions /> should render correctly 1`] = `
<div>
  <div
    class="sc-bwzfXH gTiHvG"
    data-testid="NoTransactions"
  >
    <p
      class="sc-bdVaJa fMeavL"
      color="#FFF"
    >
      No transactions!
    </p>
  </div>
</div>
`;
