// Jest Snapshot v1, https://goo.gl/fbAQLP

exports[`<Sidebar /> render() should render correctly 1`] = `
<DocumentFragment>
  <div
    class="sc-bdVaJa fnXMXv"
  >
    <a
      href="/"
    >
      Dashboard
    </a>
    <a
      href="/send"
    >
      Send
    </a>
    <a
      href="/receive"
    >
      Receive
    </a>
    <a
      href="/settings"
    >
      Settings
    </a>
  </div>
</DocumentFragment>
`;
