// Jest Snapshot v1, https://goo.gl/fbAQLP

exports[`<StatusPill /> render() should render visual component status correctly 1`] = `
<DocumentFragment>
  <div
    class="sc-bwzfXH klEXgT"
  >
    <img
      class="sc-htpNat geYqkR"
      src="[object Object]"
    />
    <p
      class="sc-bxivhb gsACzh sc-bdVaJa fMeavL"
      color="#FFF"
    >
      syncing (83.00%)
    </p>
  </div>
</DocumentFragment>
`;
